Microchip MPLAB XC8 Compiler V1.41 ()

Linker command line:

-W-3 --edf=C:\Program Files (x86)\Microchip\xc8\v1.41\dat\en_msgs.txt -cs \
  -h+dist/default/production\BluetoothLEProject.X.production.sym \
  --cmf=dist/default/production\BluetoothLEProject.X.production.cmf -z \
  -Q16F1508 -oC:\Users\Lucile\AppData\Local\Temp\s2js.2 \
  -Mdist/default/production/BluetoothLEProject.X.production.map -E1 \
  -ver=XC8 -ASTACK=0209Ah-0209fh -pstack=STACK -ACODE=00h-07FFhx2 \
  -ASTRCODE=00h-0FFFh -ASTRING=00h-0FFhx16 -ACONST=00h-0FFhx16 \
  -AENTRY=00h-0FFhx16 -ACOMMON=070h-07Fh -ABANK0=020h-06Fh \
  -ABANK1=0A0h-0EFh -ABANK2=0120h-016Fh -ABIGRAM=02000h-020EFh \
  -ARAM=020h-06Fh,0A0h-0EFh,0120h-016Fh \
  -AABS1=020h-07Fh,0A0h-0EFh,0120h-016Fh -ASFR0=00h-01Fh -ASFR1=080h-09Fh \
  -ASFR2=0100h-011Fh -ASFR3=0180h-01EFh -ASFR4=0200h-026Fh \
  -ASFR5=0280h-02EFh -ASFR6=0300h-036Fh -ASFR7=0380h-03EFh \
  -ASFR8=0400h-046Fh -ASFR9=0480h-04EFh -ASFR10=0500h-056Fh \
  -ASFR11=0580h-05EFh -ASFR12=0600h-066Fh -ASFR13=0680h-06EFh \
  -ASFR14=0700h-076Fh -ASFR15=0780h-07EFh -ASFR16=0800h-086Fh \
  -ASFR17=0880h-08EFh -ASFR18=0900h-096Fh -ASFR19=0980h-09EFh \
  -ASFR20=0A00h-0A6Fh -ASFR21=0A80h-0AEFh -ASFR22=0B00h-0B6Fh \
  -ASFR23=0B80h-0BEFh -ASFR24=0C00h-0C6Fh -ASFR25=0C80h-0CEFh \
  -ASFR26=0D00h-0D6Fh -ASFR27=0D80h-0DEFh -ASFR28=0E00h-0E6Fh \
  -ASFR29=0E80h-0EEFh -ASFR30=0F00h-0F6Fh -ASFR31=0F80h-0FEFh \
  -preset_vec=00h,intentry=04h,init,end_init -ppowerup=CODE -pcinit=CODE \
  -pfunctab=CODE -ACONFIG=08007h-08008h -pconfig=CONFIG -DCONFIG=2 \
  -AIDLOC=08000h-08003h -pidloc=IDLOC -DIDLOC=2 -DCODE=2 -DSTRCODE=2 \
  -DSTRING=2 -DCONST=2 -DENTRY=2 -k \
  C:\Users\Lucile\AppData\Local\Temp\s2js.obj \
  dist/default/production\BluetoothLEProject.X.production.obj 

Object code version is 3.11

Machine type is 16F1508



                Name                               Link     Load   Length Selector   Space Scale
C:\Users\Lucile\AppData\Local\Temp\s2js.obj
                end_init                             24       24        2        8       0
                reset_vec                             0        0        2        0       0
                config                             8007     8007        2    1000E       0
dist/default/production\BluetoothLEProject.X.production.obj
                cinit                                26       26       1F        8       0
                intentry                              4        4       20        8       0
                text22                              711      711       1C      7EA       0
                text21                              6BB      6BB       1E      7EA       0
                text19                              747      747       19      7EA       0
                text18                              76F      76F        8      7EA       0
                text17                              72D      72D       1A      7EA       0
                text16                              78D      78D        4      7EA       0
                text15                              6F5      6F5       1C      7EA       0
                text14                              789      789        4      7EA       0
                text13                              760      760        F      7EA       0
                text12                              54D      54D       45      7EA       0
                text11                              783      783        6      7EA       0
                text10                              4A8      4A8       58      7EA       0
                text9                               5D2      5D2       34      7EA       0
                text8                               3F5      3F5       B3      7EA       0
                text7                               653      653       25      7EA       0
                text6                               69C      69C       1F      7EA       0
                text5                               500      500       4D      7EA       0
                text4                               606      606       27      7EA       0
                text3                               678      678       24      7EA       0
                text2                               62D      62D       26      7EA       0
                text1                               6D9      6D9       1C      7EA       0
                maintext                             45       45      28B        8       0
                cstackBANK0                          20       20       4A       20       1
                cstackCOMMON                         70       70        A       70       1
                cstackBANK1                          A0       A0       48       A0       1
                clrtext                             77D      77D        6      7EA       0
                inittext                            777      777        6      7EA       0
                dataBANK2                           120      120       40      120       1
                bssBANK2                            160      160       10      120       1
                bssBANK1                             E8       E8        2       A0       1
                bssBANK0                             6A       6A        3       20       1
                bssCOMMON                            7A       7A        2       70       1
                nvBANK0                              6D       6D        1       20       1
                stringtext                          2D0      2D0      125      5A0       0
                idataBANK2                          592      592       40      7EA       0

TOTAL           Name                               Link     Load   Length     Space
        CLASS   STACK          

        CLASS   CODE           
                end_init                             24       24        2         0
                cinit                                26       26       1F         0
                intentry                              4        4       20         0
                reset_vec                             0        0        2         0
                text22                              711      711       1C         0
                text21                              6BB      6BB       1E         0
                text19                              747      747       19         0
                text18                              76F      76F        8         0
                text17                              72D      72D       1A         0
                text16                              78D      78D        4         0
                text15                              6F5      6F5       1C         0
                text14                              789      789        4         0
                text13                              760      760        F         0
                text12                              54D      54D       45         0
                text11                              783      783        6         0
                text10                              4A8      4A8       58         0
                text9                               5D2      5D2       34         0
                text8                               3F5      3F5       B3         0
                text7                               653      653       25         0
                text6                               69C      69C       1F         0
                text5                               500      500       4D         0
                text4                               606      606       27         0
                text3                               678      678       24         0
                text2                               62D      62D       26         0
                text1                               6D9      6D9       1C         0
                maintext                             45       45      28B         0
                clrtext                             77D      77D        6         0
                inittext                            777      777        6         0
                idataBANK2                          592      592       40         0

        CLASS   STRCODE        
                stringtext                          2D0      2D0      125         0

        CLASS   STRING         

        CLASS   CONST          

        CLASS   ENTRY          

        CLASS   COMMON         
                cstackCOMMON                         70       70        A         1
                bssCOMMON                            7A       7A        2         1

        CLASS   BANK0          
                cstackBANK0                          20       20       4A         1
                bssBANK0                             6A       6A        3         1
                nvBANK0                              6D       6D        1         1

        CLASS   BANK1          
                cstackBANK1                          A0       A0       48         1
                bssBANK1                             E8       E8        2         1

        CLASS   BANK2          
                dataBANK2                           120      120       40         1
                bssBANK2                            160      160       10         1

        CLASS   BIGRAM         

        CLASS   RAM            

        CLASS   ABS1           
                abs_s1                               7E       7E        2         1

        CLASS   SFR0           

        CLASS   SFR1           

        CLASS   SFR2           

        CLASS   SFR3           

        CLASS   SFR4           

        CLASS   SFR5           

        CLASS   SFR6           

        CLASS   SFR7           

        CLASS   SFR8           

        CLASS   SFR9           

        CLASS   SFR10          

        CLASS   SFR11          

        CLASS   SFR12          

        CLASS   SFR13          

        CLASS   SFR14          

        CLASS   SFR15          

        CLASS   SFR16          

        CLASS   SFR17          

        CLASS   SFR18          

        CLASS   SFR19          

        CLASS   SFR20          

        CLASS   SFR21          

        CLASS   SFR22          

        CLASS   SFR23          

        CLASS   SFR24          

        CLASS   SFR25          

        CLASS   SFR26          

        CLASS   SFR27          

        CLASS   SFR28          

        CLASS   SFR29          

        CLASS   SFR30          

        CLASS   SFR31          

        CLASS   CONFIG         
                config                             8007     8007        2         0

        CLASS   IDLOC          

        CLASS   BANK31         

        CLASS   BANK30         

        CLASS   BANK29         

        CLASS   BANK28         

        CLASS   BANK27         

        CLASS   BANK26         

        CLASS   BANK25         

        CLASS   BANK24         

        CLASS   BANK23         

        CLASS   BANK22         

        CLASS   BANK21         

        CLASS   BANK20         

        CLASS   BANK19         

        CLASS   BANK18         

        CLASS   BANK17         

        CLASS   BANK16         

        CLASS   BANK15         

        CLASS   BANK14         

        CLASS   BANK13         

        CLASS   BANK12         

        CLASS   BANK11         

        CLASS   BANK10         

        CLASS   BANK9          

        CLASS   BANK8          

        CLASS   BANK7          

        CLASS   BANK6          

        CLASS   BANK5          

        CLASS   BANK4          

        CLASS   BANK3          

        CLASS   EEDATA         



SEGMENTS        Name                           Load    Length   Top    Selector   Space  Class     Delta

                reset_vec                      000000  000002  000002         0       0  CODE        2
                intentry                       000004  0002CC  0002D0         8       0  CODE        2
                cstackBANK0                    000020  00004E  00006E        20       1  BANK0       1
                cstackCOMMON                   000070  00000C  00007C        70       1  COMMON      1
                cstackBANK1                    0000A0  00004A  0000EA        A0       1  BANK1       1
                dataBANK2                      000120  000050  000170       120       1  BANK2       1
                stringtext                     0002D0  000125  0003F5       5A0       0  STRCODE     2
                text8                          0003F5  00039C  000791       7EA       0  CODE        2
                config                         008007  000002  008009     1000E       0  CONFIG      2


UNUSED ADDRESS RANGES

        Name                Unused          Largest block    Delta
        BANK0            0006E-0006F               2           1
        BANK1            000EA-000EF               6           1
        BIGRAM           02000-020EF              F0           1
        CODE             00002-00003               2           2
                         00791-00FFF              6F
        COMMON           0007C-0007D               2           1
        CONST            00002-00003               2           2
                         00791-00FFF             100
        ENTRY            00002-00003               2           2
                         00791-00FFF             100
        IDLOC            08000-08003               4           2
        RAM              0006E-0006F               2           1
                         000EA-000EF               6
        SFR0             00000-0001F              20           1
        SFR1             00080-0009F              20           1
        SFR10            00500-0056F              70           1
        SFR11            00580-005EF              70           1
        SFR12            00600-0066F              70           1
        SFR13            00680-006EF              70           1
        SFR14            00700-0076F              70           1
        SFR15            00780-007EF              70           1
        SFR16            00800-0086F              70           1
        SFR17            00880-008EF              70           1
        SFR18            00900-0096F              70           1
        SFR19            00980-009EF              70           1
        SFR2             00100-0011F              20           1
        SFR20            00A00-00A6F              70           1
        SFR21            00A80-00AEF              70           1
        SFR22            00B00-00B6F              70           1
        SFR23            00B80-00BEF              70           1
        SFR24            00C00-00C6F              70           1
        SFR25            00C80-00CEF              70           1
        SFR26            00D00-00D6F              70           1
        SFR27            00D80-00DEF              70           1
        SFR28            00E00-00E6F              70           1
        SFR29            00E80-00EEF              70           1
        SFR3             00180-001EF              70           1
        SFR30            00F00-00F6F              70           1
        SFR31            00F80-00FEF              70           1
        SFR4             00200-0026F              70           1
        SFR5             00280-002EF              70           1
        SFR6             00300-0036F              70           1
        SFR7             00380-003EF              70           1
        SFR8             00400-0046F              70           1
        SFR9             00480-004EF              70           1
        STACK            0209A-0209F               6           1
        STRCODE          00002-00003               2           2
                         00791-00FFF             86F
        STRING           00002-00003               2           2
                         00791-00FFF             100

                                  Symbol Table

?_ADC_GetConversion                  cstackCOMMON 00072
?___awmod                            cstackCOMMON 00072
?___lwdiv                            cstackCOMMON 00072
?_sprintf                            cstackBANK0  00020
?_strcmp                             cstackCOMMON 00075
?_write_and_wait                     cstackBANK0  00062
?_write_line                         cstackCOMMON 00076
ADC_GetConversion@channel            cstackCOMMON 00075
EUSART_Read@readValue                cstackCOMMON 00073
EUSART_Write@txData                  cstackCOMMON 00073
_ADCON0                              (abs)        0009D
_ADCON0bits                          (abs)        0009D
_ADCON1                              (abs)        0009E
_ADCON2                              (abs)        0009F
_ADC_GetConversion                   text19       00747
_ADC_Initialize                      text18       0076F
_ADRESH                              (abs)        0009C
_ADRESL                              (abs)        0009B
_ANSELA                              (abs)        0018C
_ANSELB                              (abs)        0018D
_ANSELC                              (abs)        0018E
_APFCON                              (abs)        0011D
_BAUDCON                             (abs)        0019F
_EUSART_Initialize                   text17       0072D
_EUSART_Read                         text6        0069C
_EUSART_Receive_ISR                  text22       00711
_EUSART_Transmit_ISR                 text21       006BB
_EUSART_Write                        text3        00678
_INTCONbits                          (abs)        0000B
_INTERRUPT_InterruptManager          intentry     00004
_LATA                                (abs)        0010C
_LATAbits                            (abs)        0010C
_LATB                                (abs)        0010D
_LATC                                (abs)        0010E
_LATCbits                            (abs)        0010E
_OPTION_REGbits                      (abs)        00095
_OSCCON                              (abs)        00099
_OSCILLATOR_Initialize               text16       0078D
_PIE1bits                            (abs)        00091
_PIN_MANAGER_Initialize              text15       006F5
_PIR1bits                            (abs)        00011
_PORTCbits                           (abs)        0000E
_RCREG                               (abs)        00199
_RCSTA                               (abs)        0019D
_RCSTAbits                           (abs)        0019D
_SPBRGH                              (abs)        0019C
_SPBRGL                              (abs)        0019B
_SYSTEM_Initialize                   text13       00760
_TRISA                               (abs)        0008C
_TRISB                               (abs)        0008D
_TRISC                               (abs)        0008E
_TXREG                               (abs)        0019A
_TXSTA                               (abs)        0019E
_WDTCON                              (abs)        00097
_WDT_Initialize                      text14       00789
_WPUA                                (abs)        0020C
_WPUB                                (abs)        0020D
__CFG_BOREN$ON                       (abs)        00000
__CFG_BORV$LO                        (abs)        00000
__CFG_CLKOUTEN$OFF                   (abs)        00000
__CFG_CP$OFF                         (abs)        00000
__CFG_FCMEN$ON                       (abs)        00000
__CFG_FOSC$INTOSC                    (abs)        00000
__CFG_IESO$ON                        (abs)        00000
__CFG_LPBOR$OFF                      (abs)        00000
__CFG_LVP$ON                         (abs)        00000
__CFG_MCLRE$ON                       (abs)        00000
__CFG_PWRTE$OFF                      (abs)        00000
__CFG_STVREN$ON                      (abs)        00000
__CFG_WDTE$OFF                       (abs)        00000
__CFG_WRT$OFF                        (abs)        00000
__Habs1                              abs1         00000
__Hbank0                             bank0        00000
__Hbank1                             bank1        00000
__Hbank10                            bank10       00000
__Hbank11                            bank11       00000
__Hbank12                            bank12       00000
__Hbank13                            bank13       00000
__Hbank14                            bank14       00000
__Hbank15                            bank15       00000
__Hbank16                            bank16       00000
__Hbank17                            bank17       00000
__Hbank18                            bank18       00000
__Hbank19                            bank19       00000
__Hbank2                             bank2        00000
__Hbank20                            bank20       00000
__Hbank21                            bank21       00000
__Hbank22                            bank22       00000
__Hbank23                            bank23       00000
__Hbank24                            bank24       00000
__Hbank25                            bank25       00000
__Hbank26                            bank26       00000
__Hbank27                            bank27       00000
__Hbank28                            bank28       00000
__Hbank29                            bank29       00000
__Hbank3                             bank3        00000
__Hbank30                            bank30       00000
__Hbank31                            bank31       00000
__Hbank4                             bank4        00000
__Hbank5                             bank5        00000
__Hbank6                             bank6        00000
__Hbank7                             bank7        00000
__Hbank8                             bank8        00000
__Hbank9                             bank9        00000
__Hbigram                            bigram       00000
__HbssBANK0                          bssBANK0     00000
__HbssBANK1                          bssBANK1     00000
__HbssBANK2                          bssBANK2     00000
__HbssCOMMON                         bssCOMMON    00000
__Hcinit                             cinit        00045
__Hclrtext                           clrtext      00000
__Hcode                              code         00000
__Hcommon                            common       00000
__Hconfig                            config       08009
__HcstackBANK0                       cstackBANK0  00000
__HcstackBANK1                       cstackBANK1  00000
__HcstackCOMMON                      cstackCOMMON 00000
__HdataBANK2                         dataBANK2    00000
__Heeprom_data                       eeprom_data  00000
__Hend_init                          end_init     00026
__Hfunctab                           functab      00000
__HidataBANK2                        idataBANK2   00000
__Hidloc                             idloc        00000
__Hinit                              init         00024
__Hinittext                          inittext     00000
__Hintentry                          intentry     00024
__Hmaintext                          maintext     00000
__HnvBANK0                           nvBANK0      00000
__Hpowerup                           powerup      00000
__Hram                               ram          00000
__Hreset_vec                         reset_vec    00002
__Hsfr0                              sfr0         00000
__Hsfr1                              sfr1         00000
__Hsfr10                             sfr10        00000
__Hsfr11                             sfr11        00000
__Hsfr12                             sfr12        00000
__Hsfr13                             sfr13        00000
__Hsfr14                             sfr14        00000
__Hsfr15                             sfr15        00000
__Hsfr16                             sfr16        00000
__Hsfr17                             sfr17        00000
__Hsfr18                             sfr18        00000
__Hsfr19                             sfr19        00000
__Hsfr2                              sfr2         00000
__Hsfr20                             sfr20        00000
__Hsfr21                             sfr21        00000
__Hsfr22                             sfr22        00000
__Hsfr23                             sfr23        00000
__Hsfr24                             sfr24        00000
__Hsfr25                             sfr25        00000
__Hsfr26                             sfr26        00000
__Hsfr27                             sfr27        00000
__Hsfr28                             sfr28        00000
__Hsfr29                             sfr29        00000
__Hsfr3                              sfr3         00000
__Hsfr30                             sfr30        00000
__Hsfr31                             sfr31        00000
__Hsfr4                              sfr4         00000
__Hsfr5                              sfr5         00000
__Hsfr6                              sfr6         00000
__Hsfr7                              sfr7         00000
__Hsfr8                              sfr8         00000
__Hsfr9                              sfr9         00000
__Hspace_0                           (abs)        08009
__Hspace_1                           (abs)        00170
__Hspace_2                           (abs)        00000
__Hspace_3                           (abs)        00000
__Hstack                             stack        00000
__Hstrings                           strings      00000
__Hstringtext                        stringtext   00000
__Htext                              text         00000
__Labs1                              abs1         00000
__Lbank0                             bank0        00000
__Lbank1                             bank1        00000
__Lbank10                            bank10       00000
__Lbank11                            bank11       00000
__Lbank12                            bank12       00000
__Lbank13                            bank13       00000
__Lbank14                            bank14       00000
__Lbank15                            bank15       00000
__Lbank16                            bank16       00000
__Lbank17                            bank17       00000
__Lbank18                            bank18       00000
__Lbank19                            bank19       00000
__Lbank2                             bank2        00000
__Lbank20                            bank20       00000
__Lbank21                            bank21       00000
__Lbank22                            bank22       00000
__Lbank23                            bank23       00000
__Lbank24                            bank24       00000
__Lbank25                            bank25       00000
__Lbank26                            bank26       00000
__Lbank27                            bank27       00000
__Lbank28                            bank28       00000
__Lbank29                            bank29       00000
__Lbank3                             bank3        00000
__Lbank30                            bank30       00000
__Lbank31                            bank31       00000
__Lbank4                             bank4        00000
__Lbank5                             bank5        00000
__Lbank6                             bank6        00000
__Lbank7                             bank7        00000
__Lbank8                             bank8        00000
__Lbank9                             bank9        00000
__Lbigram                            bigram       00000
__LbssBANK0                          bssBANK0     00000
__LbssBANK1                          bssBANK1     00000
__LbssBANK2                          bssBANK2     00000
__LbssCOMMON                         bssCOMMON    00000
__Lcinit                             cinit        00026
__Lclrtext                           clrtext      00000
__Lcode                              code         00000
__Lcommon                            common       00000
__Lconfig                            config       08007
__LcstackBANK0                       cstackBANK0  00000
__LcstackBANK1                       cstackBANK1  00000
__LcstackCOMMON                      cstackCOMMON 00000
__LdataBANK2                         dataBANK2    00000
__Leeprom_data                       eeprom_data  00000
__Lend_init                          end_init     00024
__Lfunctab                           functab      00000
__LidataBANK2                        idataBANK2   00000
__Lidloc                             idloc        00000
__Linit                              init         00024
__Linittext                          inittext     00000
__Lintentry                          intentry     00004
__Lmaintext                          maintext     00000
__LnvBANK0                           nvBANK0      00000
__Lpowerup                           powerup      00000
__Lram                               ram          00000
__Lreset_vec                         reset_vec    00000
__Lsfr0                              sfr0         00000
__Lsfr1                              sfr1         00000
__Lsfr10                             sfr10        00000
__Lsfr11                             sfr11        00000
__Lsfr12                             sfr12        00000
__Lsfr13                             sfr13        00000
__Lsfr14                             sfr14        00000
__Lsfr15                             sfr15        00000
__Lsfr16                             sfr16        00000
__Lsfr17                             sfr17        00000
__Lsfr18                             sfr18        00000
__Lsfr19                             sfr19        00000
__Lsfr2                              sfr2         00000
__Lsfr20                             sfr20        00000
__Lsfr21                             sfr21        00000
__Lsfr22                             sfr22        00000
__Lsfr23                             sfr23        00000
__Lsfr24                             sfr24        00000
__Lsfr25                             sfr25        00000
__Lsfr26                             sfr26        00000
__Lsfr27                             sfr27        00000
__Lsfr28                             sfr28        00000
__Lsfr29                             sfr29        00000
__Lsfr3                              sfr3         00000
__Lsfr30                             sfr30        00000
__Lsfr31                             sfr31        00000
__Lsfr4                              sfr4         00000
__Lsfr5                              sfr5         00000
__Lsfr6                              sfr6         00000
__Lsfr7                              sfr7         00000
__Lsfr8                              sfr8         00000
__Lsfr9                              sfr9         00000
__Lspace_0                           (abs)        00000
__Lspace_1                           (abs)        00000
__Lspace_2                           (abs)        00000
__Lspace_3                           (abs)        00000
__Lstack                             stack        00000
__Lstrings                           strings      00000
__Lstringtext                        stringtext   00000
__Ltext                              text         00000
__S0                                 (abs)        08009
__S1                                 (abs)        00170
__S2                                 (abs)        00000
___awmod                             text12       0054D
___awmod@counter                     cstackCOMMON 00077
___awmod@dividend                    cstackCOMMON 00074
___awmod@divisor                     cstackCOMMON 00072
___awmod@sign                        cstackCOMMON 00078
___int_sp                            stack        00000
___latbits                           (abs)        00001
___lwdiv                             text9        005D2
___lwdiv@counter                     cstackCOMMON 00079
___lwdiv@dividend                    cstackCOMMON 00074
___lwdiv@divisor                     cstackCOMMON 00072
___lwdiv@quotient                    cstackCOMMON 00077
___sp                                stack        00000
__end_of_ADC_GetConversion           text19       00760
__end_of_ADC_Initialize              text18       00777
__end_of_EUSART_Initialize           text17       00747
__end_of_EUSART_Read                 text6        006BB
__end_of_EUSART_Receive_ISR          text22       0072D
__end_of_EUSART_Transmit_ISR         text21       006D9
__end_of_EUSART_Write                text3        0069C
__end_of_INTERRUPT_InterruptManager  intentry     00024
__end_of_OSCILLATOR_Initialize       text16       00791
__end_of_PIN_MANAGER_Initialize      text15       00711
__end_of_SYSTEM_Initialize           text13       0076F
__end_of_WDT_Initialize              text14       0078D
__end_of___awmod                     text12       00592
__end_of___lwdiv                     text9        00606
__end_of__initialization             cinit        00041
__end_of_blink_leds                  text10       00500
__end_of_hexpowers                   stringtext   002D8
__end_of_main                        maintext     002D0
__end_of_read_line                   text5        0054D
__end_of_set_low_leds                text11       00789
__end_of_sprintf                     text8        004A8
__end_of_strcat                      text7        00678
__end_of_strcmp                      text4        0062D
__end_of_write_and_wait              text1        006F5
__end_of_write_line                  text2        00653
__initialization                     cinit        00026
__pbssBANK0                          bssBANK0     0006A
__pbssBANK1                          bssBANK1     000E8
__pbssBANK2                          bssBANK2     00160
__pbssCOMMON                         bssCOMMON    0007A
__pcstackBANK0                       cstackBANK0  00020
__pcstackBANK1                       cstackBANK1  000A0
__pcstackCOMMON                      cstackCOMMON 00070
__pdataBANK2                         dataBANK2    00120
__pidataBANK2                        idataBANK2   00592
__pintentry                          intentry     00004
__pmaintext                          maintext     00045
__pnvBANK0                           nvBANK0      0006D
__pstringtext                        stringtext   002D0
__ptext1                             text1        006D9
__ptext10                            text10       004A8
__ptext11                            text11       00783
__ptext12                            text12       0054D
__ptext13                            text13       00760
__ptext14                            text14       00789
__ptext15                            text15       006F5
__ptext16                            text16       0078D
__ptext17                            text17       0072D
__ptext18                            text18       0076F
__ptext19                            text19       00747
__ptext2                             text2        0062D
__ptext21                            text21       006BB
__ptext22                            text22       00711
__ptext3                             text3        00678
__ptext4                             text4        00606
__ptext5                             text5        00500
__ptext6                             text6        0069C
__ptext7                             text7        00653
__ptext8                             text8        003F5
__ptext9                             text9        005D2
__size_of_ADC_GetConversion          (abs)        00000
__size_of_ADC_Initialize             (abs)        00000
__size_of_EUSART_Initialize          (abs)        00000
__size_of_EUSART_Read                (abs)        00000
__size_of_EUSART_Receive_ISR         (abs)        00000
__size_of_EUSART_Transmit_ISR        (abs)        00000
__size_of_EUSART_Write               (abs)        00000
__size_of_INTERRUPT_InterruptManager (abs)        00000
__size_of_OSCILLATOR_Initialize      (abs)        00000
__size_of_PIN_MANAGER_Initialize     (abs)        00000
__size_of_SYSTEM_Initialize          (abs)        00000
__size_of_WDT_Initialize             (abs)        00000
__size_of___awmod                    (abs)        00000
__size_of___lwdiv                    (abs)        00000
__size_of_blink_leds                 (abs)        00000
__size_of_main                       (abs)        00000
__size_of_read_line                  (abs)        00000
__size_of_set_low_leds               (abs)        00000
__size_of_sprintf                    (abs)        00000
__size_of_strcat                     (abs)        00000
__size_of_strcmp                     (abs)        00000
__size_of_write_and_wait             (abs)        00000
__size_of_write_line                 (abs)        00000
_adcResult                           bssBANK1     000E8
_blink_leds                          text10       004A8
_eusartRxBuffer                      bssBANK2     00160
_eusartRxCount                       bssBANK0     0006A
_eusartRxHead                        bssBANK0     0006C
_eusartRxTail                        bssBANK0     0006B
_eusartTxBuffer                      bssBANK2     00168
_eusartTxBufferRemaining             nvBANK0      0006D
_eusartTxHead                        bssCOMMON    0007B
_eusartTxTail                        bssCOMMON    0007A
_hexpowers                           stringtext   002D0
_main                                maintext     00045
_read_line                           text5        00500
_set_low_leds                        text11       00783
_sprintf                             text8        003F5
_strcat                              text7        00653
_strcmp                              text4        00606
_write_and_wait                      text1        006D9
_write_line                          text2        0062D
blink_leds@c                         cstackCOMMON 00074
blink_leds@i                         cstackCOMMON 00078
blink_leds@n                         cstackCOMMON 00072
btemp                                (abs)        0007E
clear_ram0                           clrtext      0077D
end_of_initialization                cinit        00041
init_ram                             inittext     00777
int$flags                            (abs)        0007E
intlevel0                            functab      00000
intlevel1                            functab      00000
intlevel2                            functab      00000
intlevel3                            functab      00000
intlevel4                            functab      00000
intlevel5                            functab      00000
main@F4456                           dataBANK2    00120
main@c                               cstackBANK1  000E4
main@command                         cstackBANK1  000A0
main@err                             cstackBANK1  000E6
main@result                          cstackBANK1  000E0
read_line@c                          cstackBANK0  00020
read_line@i                          cstackBANK0  00060
reset_vec                            reset_vec    00000
sprintf@ap                           cstackBANK0  0002A
sprintf@c                            cstackBANK0  0002F
sprintf@f                            cstackBANK0  00020
sprintf@flag                         cstackBANK0  00028
sprintf@idx                          cstackBANK0  00029
sprintf@prec                         cstackBANK0  0002D
sprintf@sp                           cstackBANK0  0002E
sprintf@val                          cstackBANK0  0002B
stackhi                              (abs)        0209F
stacklo                              (abs)        0209A
start                                init         00024
start_initialization                 cinit        00026
strcat@cp                            cstackCOMMON 00075
strcat@from                          cstackCOMMON 00072
strcat@to                            cstackCOMMON 00074
strcmp@r                             cstackCOMMON 00078
strcmp@s1                            cstackCOMMON 00079
strcmp@s2                            cstackCOMMON 00075
write_and_wait@cmd                   cstackBANK0  00062
write_and_wait@line                  cstackBANK0  00067
write_and_wait@res                   cstackBANK0  00064
write_line@i                         cstackBANK0  00020
write_line@line                      cstackCOMMON 00076
wtemp0                               (abs)        0007E


FUNCTION INFORMATION:

 *************** function _main *****************
 Defined at:
		line 175 in file "main.c"
 Parameters:    Size  Location     Type
		None
 Auto vars:     Size  Location     Type
  command        64    0[BANK1 ] unsigned char [64]
  result          4   64[BANK1 ] unsigned char [4]
  err             2   70[BANK1 ] int 
  c               2   68[BANK1 ] int 
 Return value:  Size  Location     Type
                  1    wreg      void 
 Registers used:
		wreg, fsr0l, fsr0h, fsr1l, fsr1h, status,2, status,0, pclath, cstack
 Tracked objects:
		On entry : 
		On exit  : 
		Unchanged: 
 Data sizes:     COMMON   BANK0   BANK1   BANK2
      Params:         0       0       0       0
      Locals:         0       0      72       0
      Temps:          0       2       0       0
      Totals:         0       2      72       0
Total ram usage:       74 bytes
 Hardware stack levels required when called:    5
 This function calls:
		_ADC_GetConversion
		_SYSTEM_Initialize
		___awmod
		_blink_leds
		_read_line
		_sprintf
		_strcat
		_strcmp
		_write_and_wait
		_write_line
 This function is called by:
		Startup code after reset
 This function uses a non-reentrant model


 *************** function _write_and_wait *****************
 Defined at:
		line 167 in file "main.c"
 Parameters:    Size  Location     Type
  cmd             2   66[BANK0 ] PTR unsigned char 
		 -> STR_23(48), STR_21(12), STR_18(4), STR_16(42), 
		 -> STR_14(42), STR_12(36), STR_10(3), STR_8(18), 
		 -> STR_6(12), STR_4(12), STR_2(5), 
  res             2   68[BANK0 ] PTR unsigned char 
		 -> STR_24(4), STR_22(4), STR_19(7), STR_17(4), 
		 -> STR_15(4), STR_13(4), STR_11(4), STR_9(4), 
		 -> STR_7(4), STR_5(4), STR_3(4), 
 Auto vars:     Size  Location     Type
  line            1   71[BANK0 ] PTR unsigned char 
		 -> read_line@c(64), 
 Return value:  Size  Location     Type
                  2   66[BANK0 ] int 
 Registers used:
		wreg, fsr0l, fsr0h, fsr1l, fsr1h, status,2, status,0, pclath, cstack
 Tracked objects:
		On entry : 
		On exit  : 
		Unchanged: 
 Data sizes:     COMMON   BANK0   BANK1   BANK2
      Params:         0       4       0       0
      Locals:         0       1       0       0
      Temps:          0       1       0       0
      Totals:         0       6       0       0
Total ram usage:        6 bytes
 Hardware stack levels used:    1
 Hardware stack levels required when called:    4
 This function calls:
		_read_line
		_strcmp
		_write_line
 This function is called by:
		_main
 This function uses a non-reentrant model


 *************** function _write_line *****************
 Defined at:
		line 153 in file "main.c"
 Parameters:    Size  Location     Type
  line            2    6[COMMON] PTR unsigned char 
		 -> STR_27(12), main@command(64), STR_26(12), STR_25(12), 
		 -> STR_23(48), STR_21(12), STR_18(4), STR_16(42), 
		 -> STR_14(42), STR_12(36), STR_10(3), STR_8(18), 
		 -> STR_6(12), STR_4(12), STR_2(5), 
 Auto vars:     Size  Location     Type
  i               2    0[BANK0 ] int 
 Return value:  Size  Location     Type
                  2    6[COMMON] int 
 Registers used:
		wreg, fsr0l, fsr0h, fsr1l, fsr1h, status,2, status,0, pclath, cstack
 Tracked objects:
		On entry : 
		On exit  : 
		Unchanged: 
 Data sizes:     COMMON   BANK0   BANK1   BANK2
      Params:         2       0       0       0
      Locals:         0       2       0       0
      Temps:          1       0       0       0
      Totals:         3       2       0       0
Total ram usage:        5 bytes
 Hardware stack levels used:    1
 Hardware stack levels required when called:    3
 This function calls:
		_EUSART_Write
 This function is called by:
		_write_and_wait
		_main
 This function uses a non-reentrant model


 *************** function _EUSART_Write *****************
 Defined at:
		line 132 in file "mcc_generated_files/eusart.c"
 Parameters:    Size  Location     Type
  txData          1    wreg     unsigned char 
 Auto vars:     Size  Location     Type
  txData          1    3[COMMON] unsigned char 
 Return value:  Size  Location     Type
                  1    wreg      void 
 Registers used:
		wreg, fsr1l, fsr1h, status,2, status,0
 Tracked objects:
		On entry : 
		On exit  : 
		Unchanged: 
 Data sizes:     COMMON   BANK0   BANK1   BANK2
      Params:         0       0       0       0
      Locals:         1       0       0       0
      Temps:          1       0       0       0
      Totals:         2       0       0       0
Total ram usage:        2 bytes
 Hardware stack levels used:    1
 Hardware stack levels required when called:    2
 This function calls:
		Nothing
 This function is called by:
		_write_line
 This function uses a non-reentrant model


 *************** function _strcmp *****************
 Defined at:
		line 33 in file "C:\Program Files (x86)\Microchip\xc8\v1.41\sources\common\strcmp.c"
 Parameters:    Size  Location     Type
  s1              1    wreg     PTR const unsigned char 
		 -> read_line@c(64), 
  s2              2    5[COMMON] PTR const unsigned char 
		 -> STR_29(4), STR_24(4), STR_22(4), STR_20(4), 
		 -> STR_19(7), STR_17(4), STR_15(4), STR_13(4), 
		 -> STR_11(4), STR_9(4), STR_7(4), STR_5(4), 
		 -> STR_3(4), STR_1(4), 
 Auto vars:     Size  Location     Type
  s1              1    9[COMMON] PTR const unsigned char 
		 -> read_line@c(64), 
  r               1    8[COMMON] char 
 Return value:  Size  Location     Type
                  2    5[COMMON] int 
 Registers used:
		wreg, fsr0l, fsr0h, fsr1l, fsr1h, status,2, status,0, pclath
 Tracked objects:
		On entry : 
		On exit  : 
		Unchanged: 
 Data sizes:     COMMON   BANK0   BANK1   BANK2
      Params:         2       0       0       0
      Locals:         2       0       0       0
      Temps:          1       0       0       0
      Totals:         5       0       0       0
Total ram usage:        5 bytes
 Hardware stack levels used:    1
 Hardware stack levels required when called:    2
 This function calls:
		Nothing
 This function is called by:
		_write_and_wait
		_main
 This function uses a non-reentrant model


 *************** function _read_line *****************
 Defined at:
		line 132 in file "main.c"
 Parameters:    Size  Location     Type
		None
 Auto vars:     Size  Location     Type
  c              64    0[BANK0 ] unsigned char [64]
  i               2   64[BANK0 ] int 
 Return value:  Size  Location     Type
                  1    wreg      PTR unsigned char 
 Registers used:
		wreg, fsr1l, fsr1h, status,2, status,0, pclath, cstack
 Tracked objects:
		On entry : 
		On exit  : 
		Unchanged: 
 Data sizes:     COMMON   BANK0   BANK1   BANK2
      Params:         0       0       0       0
      Locals:         0      66       0       0
      Temps:          1       0       0       0
      Totals:         1      66       0       0
Total ram usage:       67 bytes
 Hardware stack levels used:    1
 Hardware stack levels required when called:    3
 This function calls:
		_EUSART_Read
 This function is called by:
		_write_and_wait
		_main
 This function uses a non-reentrant model


 *************** function _EUSART_Read *****************
 Defined at:
		line 112 in file "mcc_generated_files/eusart.c"
 Parameters:    Size  Location     Type
		None
 Auto vars:     Size  Location     Type
  readValue       1    3[COMMON] unsigned char 
 Return value:  Size  Location     Type
                  1    wreg      unsigned char 
 Registers used:
		wreg, fsr1l, fsr1h, status,2, status,0
 Tracked objects:
		On entry : 
		On exit  : 
		Unchanged: 
 Data sizes:     COMMON   BANK0   BANK1   BANK2
      Params:         0       0       0       0
      Locals:         1       0       0       0
      Temps:          1       0       0       0
      Totals:         2       0       0       0
Total ram usage:        2 bytes
 Hardware stack levels used:    1
 Hardware stack levels required when called:    2
 This function calls:
		Nothing
 This function is called by:
		_read_line
		_show_input_leds
 This function uses a non-reentrant model


 *************** function _strcat *****************
 Defined at:
		line 8 in file "C:\Program Files (x86)\Microchip\xc8\v1.41\sources\common\strcat.c"
 Parameters:    Size  Location     Type
  to              1    wreg     PTR unsigned char 
		 -> main@command(64), 
  from            1    2[COMMON] PTR const unsigned char 
		 -> main@result(4), 
 Auto vars:     Size  Location     Type
  to              1    4[COMMON] PTR unsigned char 
		 -> main@command(64), 
  cp              1    5[COMMON] PTR unsigned char 
		 -> main@command(64), 
 Return value:  Size  Location     Type
                  1    wreg      PTR unsigned char 
 Registers used:
		wreg, fsr0l, fsr0h, fsr1l, fsr1h, status,2, status,0
 Tracked objects:
		On entry : 
		On exit  : 
		Unchanged: 
 Data sizes:     COMMON   BANK0   BANK1   BANK2
      Params:         1       0       0       0
      Locals:         2       0       0       0
      Temps:          1       0       0       0
      Totals:         4       0       0       0
Total ram usage:        4 bytes
 Hardware stack levels used:    1
 Hardware stack levels required when called:    2
 This function calls:
		Nothing
 This function is called by:
		_main
 This function uses a non-reentrant model


 *************** function _sprintf *****************
 Defined at:
		line 492 in file "C:\Program Files (x86)\Microchip\xc8\v1.41\sources\common\doprnt.c"
 Parameters:    Size  Location     Type
  sp              1    wreg     PTR unsigned char 
		 -> main@result(4), 
  f               2    0[BANK0 ] PTR const unsigned char 
		 -> STR_28(3), 
 Auto vars:     Size  Location     Type
  sp              1   14[BANK0 ] PTR unsigned char 
		 -> main@result(4), 
  idx             1    9[BANK0 ] unsigned char 
  tmpval          4    0        struct .
  val             2   11[BANK0 ] unsigned int 
  cp              2    0        PTR const unsigned char 
  len             2    0        unsigned int 
  c               1   15[BANK0 ] char 
  prec            1   13[BANK0 ] char 
  ap              1   10[BANK0 ] PTR void [1]
		 -> ?_sprintf(2), 
  flag            1    8[BANK0 ] unsigned char 
 Return value:  Size  Location     Type
                  2    0[BANK0 ] int 
 Registers used:
		wreg, fsr0l, fsr0h, fsr1l, fsr1h, status,2, status,0, pclath, cstack
 Tracked objects:
		On entry : 
		On exit  : 
		Unchanged: 
 Data sizes:     COMMON   BANK0   BANK1   BANK2
      Params:         0       4       0       0
      Locals:         0       8       0       0
      Temps:          0       4       0       0
      Totals:         0      16       0       0
Total ram usage:       16 bytes
 Hardware stack levels used:    1
 Hardware stack levels required when called:    3
 This function calls:
		___lwdiv
 This function is called by:
		_main
 This function uses a non-reentrant model


 *************** function ___lwdiv *****************
 Defined at:
		line 6 in file "C:\Program Files (x86)\Microchip\xc8\v1.41\sources\common\lwdiv.c"
 Parameters:    Size  Location     Type
  divisor         2    2[COMMON] unsigned int 
  dividend        2    4[COMMON] unsigned int 
 Auto vars:     Size  Location     Type
  quotient        2    7[COMMON] unsigned int 
  counter         1    9[COMMON] unsigned char 
 Return value:  Size  Location     Type
                  2    2[COMMON] unsigned int 
 Registers used:
		wreg, status,2, status,0
 Tracked objects:
		On entry : 
		On exit  : 
		Unchanged: 
 Data sizes:     COMMON   BANK0   BANK1   BANK2
      Params:         4       0       0       0
      Locals:         3       0       0       0
      Temps:          1       0       0       0
      Totals:         8       0       0       0
Total ram usage:        8 bytes
 Hardware stack levels used:    1
 Hardware stack levels required when called:    2
 This function calls:
		Nothing
 This function is called by:
		_sprintf
 This function uses a non-reentrant model


 *************** function _blink_leds *****************
 Defined at:
		line 44 in file "main.c"
 Parameters:    Size  Location     Type
  n               2    2[COMMON] int 
  c               2    4[COMMON] int 
 Auto vars:     Size  Location     Type
  i               2    8[COMMON] int 
 Return value:  Size  Location     Type
                  2    2[COMMON] int 
 Registers used:
		wreg, status,2, status,0, pclath, cstack
 Tracked objects:
		On entry : 
		On exit  : 
		Unchanged: 
 Data sizes:     COMMON   BANK0   BANK1   BANK2
      Params:         4       0       0       0
      Locals:         2       0       0       0
      Temps:          2       0       0       0
      Totals:         8       0       0       0
Total ram usage:        8 bytes
 Hardware stack levels used:    1
 Hardware stack levels required when called:    3
 This function calls:
		_set_low_leds
 This function is called by:
		_main
 This function uses a non-reentrant model


 *************** function _set_low_leds *****************
 Defined at:
		line 32 in file "main.c"
 Parameters:    Size  Location     Type
		None
 Auto vars:     Size  Location     Type
		None
 Return value:  Size  Location     Type
                  2  221[None  ] int 
 Registers used:
		None
 Tracked objects:
		On entry : 
		On exit  : 
		Unchanged: 
 Data sizes:     COMMON   BANK0   BANK1   BANK2
      Params:         0       0       0       0
      Locals:         0       0       0       0
      Temps:          0       0       0       0
      Totals:         0       0       0       0
Total ram usage:        0 bytes
 Hardware stack levels used:    1
 Hardware stack levels required when called:    2
 This function calls:
		Nothing
 This function is called by:
		_blink_leds
		_show_char_leds
 This function uses a non-reentrant model


 *************** function ___awmod *****************
 Defined at:
		line 6 in file "C:\Program Files (x86)\Microchip\xc8\v1.41\sources\common\awmod.c"
 Parameters:    Size  Location     Type
  divisor         2    2[COMMON] int 
  dividend        2    4[COMMON] int 
 Auto vars:     Size  Location     Type
  sign            1    8[COMMON] unsigned char 
  counter         1    7[COMMON] unsigned char 
 Return value:  Size  Location     Type
                  2    2[COMMON] int 
 Registers used:
		wreg, status,2, status,0
 Tracked objects:
		On entry : 
		On exit  : 
		Unchanged: 
 Data sizes:     COMMON   BANK0   BANK1   BANK2
      Params:         4       0       0       0
      Locals:         2       0       0       0
      Temps:          1       0       0       0
      Totals:         7       0       0       0
Total ram usage:        7 bytes
 Hardware stack levels used:    1
 Hardware stack levels required when called:    2
 This function calls:
		Nothing
 This function is called by:
		_main
 This function uses a non-reentrant model


 *************** function _SYSTEM_Initialize *****************
 Defined at:
		line 68 in file "mcc_generated_files/mcc.c"
 Parameters:    Size  Location     Type
		None
 Auto vars:     Size  Location     Type
		None
 Return value:  Size  Location     Type
                  1    wreg      void 
 Registers used:
		wreg, status,2, status,0, pclath, cstack
 Tracked objects:
		On entry : 
		On exit  : 
		Unchanged: 
 Data sizes:     COMMON   BANK0   BANK1   BANK2
      Params:         0       0       0       0
      Locals:         0       0       0       0
      Temps:          0       0       0       0
      Totals:         0       0       0       0
Total ram usage:        0 bytes
 Hardware stack levels used:    1
 Hardware stack levels required when called:    3
 This function calls:
		_ADC_Initialize
		_EUSART_Initialize
		_OSCILLATOR_Initialize
		_PIN_MANAGER_Initialize
		_WDT_Initialize
 This function is called by:
		_main
 This function uses a non-reentrant model


 *************** function _WDT_Initialize *****************
 Defined at:
		line 84 in file "mcc_generated_files/mcc.c"
 Parameters:    Size  Location     Type
		None
 Auto vars:     Size  Location     Type
		None
 Return value:  Size  Location     Type
                  1    wreg      void 
 Registers used:
		wreg
 Tracked objects:
		On entry : 
		On exit  : 
		Unchanged: 
 Data sizes:     COMMON   BANK0   BANK1   BANK2
      Params:         0       0       0       0
      Locals:         0       0       0       0
      Temps:          0       0       0       0
      Totals:         0       0       0       0
Total ram usage:        0 bytes
 Hardware stack levels used:    1
 Hardware stack levels required when called:    2
 This function calls:
		Nothing
 This function is called by:
		_SYSTEM_Initialize
 This function uses a non-reentrant model


 *************** function _PIN_MANAGER_Initialize *****************
 Defined at:
		line 51 in file "mcc_generated_files/pin_manager.c"
 Parameters:    Size  Location     Type
		None
 Auto vars:     Size  Location     Type
		None
 Return value:  Size  Location     Type
                  1    wreg      void 
 Registers used:
		wreg, status,2
 Tracked objects:
		On entry : 
		On exit  : 
		Unchanged: 
 Data sizes:     COMMON   BANK0   BANK1   BANK2
      Params:         0       0       0       0
      Locals:         0       0       0       0
      Temps:          0       0       0       0
      Totals:         0       0       0       0
Total ram usage:        0 bytes
 Hardware stack levels used:    1
 Hardware stack levels required when called:    2
 This function calls:
		Nothing
 This function is called by:
		_SYSTEM_Initialize
 This function uses a non-reentrant model


 *************** function _OSCILLATOR_Initialize *****************
 Defined at:
		line 78 in file "mcc_generated_files/mcc.c"
 Parameters:    Size  Location     Type
		None
 Auto vars:     Size  Location     Type
		None
 Return value:  Size  Location     Type
                  1    wreg      void 
 Registers used:
		wreg
 Tracked objects:
		On entry : 
		On exit  : 
		Unchanged: 
 Data sizes:     COMMON   BANK0   BANK1   BANK2
      Params:         0       0       0       0
      Locals:         0       0       0       0
      Temps:          0       0       0       0
      Totals:         0       0       0       0
Total ram usage:        0 bytes
 Hardware stack levels used:    1
 Hardware stack levels required when called:    2
 This function calls:
		Nothing
 This function is called by:
		_SYSTEM_Initialize
 This function uses a non-reentrant model


 *************** function _EUSART_Initialize *****************
 Defined at:
		line 75 in file "mcc_generated_files/eusart.c"
 Parameters:    Size  Location     Type
		None
 Auto vars:     Size  Location     Type
		None
 Return value:  Size  Location     Type
                  1    wreg      void 
 Registers used:
		wreg, status,2
 Tracked objects:
		On entry : 
		On exit  : 
		Unchanged: 
 Data sizes:     COMMON   BANK0   BANK1   BANK2
      Params:         0       0       0       0
      Locals:         0       0       0       0
      Temps:          1       0       0       0
      Totals:         1       0       0       0
Total ram usage:        1 bytes
 Hardware stack levels used:    1
 Hardware stack levels required when called:    2
 This function calls:
		Nothing
 This function is called by:
		_SYSTEM_Initialize
 This function uses a non-reentrant model


 *************** function _ADC_Initialize *****************
 Defined at:
		line 64 in file "mcc_generated_files/adc.c"
 Parameters:    Size  Location     Type
		None
 Auto vars:     Size  Location     Type
		None
 Return value:  Size  Location     Type
                  1    wreg      void 
 Registers used:
		wreg, status,2
 Tracked objects:
		On entry : 
		On exit  : 
		Unchanged: 
 Data sizes:     COMMON   BANK0   BANK1   BANK2
      Params:         0       0       0       0
      Locals:         0       0       0       0
      Temps:          0       0       0       0
      Totals:         0       0       0       0
Total ram usage:        0 bytes
 Hardware stack levels used:    1
 Hardware stack levels required when called:    2
 This function calls:
		Nothing
 This function is called by:
		_SYSTEM_Initialize
 This function uses a non-reentrant model


 *************** function _ADC_GetConversion *****************
 Defined at:
		line 112 in file "mcc_generated_files/adc.c"
 Parameters:    Size  Location     Type
  channel         1    wreg     enum E4101
 Auto vars:     Size  Location     Type
  channel         1    5[COMMON] enum E4101
 Return value:  Size  Location     Type
                  2    2[COMMON] unsigned int 
 Registers used:
		wreg, status,2, status,0
 Tracked objects:
		On entry : 
		On exit  : 
		Unchanged: 
 Data sizes:     COMMON   BANK0   BANK1   BANK2
      Params:         2       0       0       0
      Locals:         1       0       0       0
      Temps:          1       0       0       0
      Totals:         4       0       0       0
Total ram usage:        4 bytes
 Hardware stack levels used:    1
 Hardware stack levels required when called:    2
 This function calls:
		Nothing
 This function is called by:
		_main
 This function uses a non-reentrant model


 *************** function _INTERRUPT_InterruptManager *****************
 Defined at:
		line 51 in file "mcc_generated_files/interrupt_manager.c"
 Parameters:    Size  Location     Type
		None
 Auto vars:     Size  Location     Type
		None
 Return value:  Size  Location     Type
                  1    wreg      void 
 Registers used:
		wreg, fsr1l, fsr1h, status,2, status,0, pclath, cstack
 Tracked objects:
		On entry : 
		On exit  : 
		Unchanged: 
 Data sizes:     COMMON   BANK0   BANK1   BANK2
      Params:         0       0       0       0
      Locals:         0       0       0       0
      Temps:          1       0       0       0
      Totals:         1       0       0       0
Total ram usage:        1 bytes
 Hardware stack levels used:    1
 Hardware stack levels required when called:    1
 This function calls:
		_EUSART_Receive_ISR
		_EUSART_Transmit_ISR
 This function is called by:
		Interrupt level 1
 This function uses a non-reentrant model


 *************** function _EUSART_Transmit_ISR *****************
 Defined at:
		line 155 in file "mcc_generated_files/eusart.c"
 Parameters:    Size  Location     Type
		None
 Auto vars:     Size  Location     Type
		None
 Return value:  Size  Location     Type
                  1    wreg      void 
 Registers used:
		wreg, fsr1l, fsr1h, status,2, status,0
 Tracked objects:
		On entry : 
		On exit  : 
		Unchanged: 
 Data sizes:     COMMON   BANK0   BANK1   BANK2
      Params:         0       0       0       0
      Locals:         0       0       0       0
      Temps:          1       0       0       0
      Totals:         1       0       0       0
Total ram usage:        1 bytes
 Hardware stack levels used:    1
 This function calls:
		Nothing
 This function is called by:
		_INTERRUPT_InterruptManager
 This function uses a non-reentrant model


 *************** function _EUSART_Receive_ISR *****************
 Defined at:
		line 174 in file "mcc_generated_files/eusart.c"
 Parameters:    Size  Location     Type
		None
 Auto vars:     Size  Location     Type
		None
 Return value:  Size  Location     Type
                  1    wreg      void 
 Registers used:
		wreg, fsr1l, fsr1h, status,2, status,0
 Tracked objects:
		On entry : 
		On exit  : 
		Unchanged: 
 Data sizes:     COMMON   BANK0   BANK1   BANK2
      Params:         0       0       0       0
      Locals:         0       0       0       0
      Temps:          1       0       0       0
      Totals:         1       0       0       0
Total ram usage:        1 bytes
 Hardware stack levels used:    1
 This function calls:
		Nothing
 This function is called by:
		_INTERRUPT_InterruptManager
 This function uses a non-reentrant model



MODULE INFORMATION

Module		Function		Class		Link	Load	Size
C:\Program Files (x86)\Microchip\xc8\v1.41\sources\common\lwdiv.c
		___lwdiv       		CODE           	05D2	0000	53

C:\Program Files (x86)\Microchip\xc8\v1.41\sources\common\lwdiv.c estimated size: 53

C:\Program Files (x86)\Microchip\xc8\v1.41\sources\common\doprnt.c
		_sprintf       		CODE           	03F5	0000	180

C:\Program Files (x86)\Microchip\xc8\v1.41\sources\common\doprnt.c estimated size: 180

mcc_generated_files/interrupt_manager.c
		_INTERRUPT_InterruptManager		CODE           	0004	0000	33

mcc_generated_files/interrupt_manager.c estimated size: 33

mcc_generated_files/pin_manager.c
		_PIN_MANAGER_Initialize		CODE           	06F5	0000	29

mcc_generated_files/pin_manager.c estimated size: 29

mcc_generated_files/adc.c
		_ADC_Initialize		CODE           	076F	0000	9
		_ADC_GetConversion		CODE           	0747	0000	26

mcc_generated_files/adc.c estimated size: 35

C:\Program Files (x86)\Microchip\xc8\v1.41\sources\common\strcat.c
		_strcat        		CODE           	0653	0000	38

C:\Program Files (x86)\Microchip\xc8\v1.41\sources\common\strcat.c estimated size: 38

shared
		__initialization		CODE           	0026	0000	28
		_hexpowers     		STRCODE        	02D0	0000	9

shared estimated size: 37

C:\Program Files (x86)\Microchip\xc8\v1.41\sources\common\awmod.c
		___awmod       		CODE           	054D	0000	70

C:\Program Files (x86)\Microchip\xc8\v1.41\sources\common\awmod.c estimated size: 70

mcc_generated_files/mcc.c
		_WDT_Initialize		CODE           	0789	0000	5
		_OSCILLATOR_Initialize		CODE           	078D	0000	5
		_SYSTEM_Initialize		CODE           	0760	0000	16

mcc_generated_files/mcc.c estimated size: 26

C:\Program Files (x86)\Microchip\xc8\v1.41\sources\common\strcmp.c
		_strcmp        		CODE           	0606	0000	40

C:\Program Files (x86)\Microchip\xc8\v1.41\sources\common\strcmp.c estimated size: 40

mcc_generated_files/eusart.c
		_EUSART_Read   		CODE           	069C	0000	32
		_EUSART_Write  		CODE           	0678	0000	37
		_EUSART_Transmit_ISR		CODE           	06BB	0000	31
		_EUSART_Initialize		CODE           	072D	0000	27
		_EUSART_Receive_ISR		CODE           	0711	0000	29

mcc_generated_files/eusart.c estimated size: 156

main.c
		_main          		CODE           	0045	0000	652
		_set_low_leds  		CODE           	0783	0000	7
		_write_and_wait		CODE           	06D9	0000	29
		_write_line    		CODE           	062D	0000	39
		_blink_leds    		CODE           	04A8	0000	89
		_read_line     		CODE           	0500	0000	78

main.c estimated size: 894

